Flutter crash report.
Please report a bug at https://github.com/flutter/flutter/issues.

## command

flutter run -d chrome

## exception

OutOfMemoryError: Out of Memory

```
#0      new Uint8List (dart:typed_data-patch/typed_data_patch.dart:2307:3)
#1      _File.readAsBytesSync (dart:io/file_impl.dart:589:16)
#2      ForwardingFile.readAsBytesSync (package:file/src/forwarding/forwarding_file.dart:91:43)
#3      ForwardingFile.readAsBytesSync (package:file/src/forwarding/forwarding_file.dart:91:43)
#4      WebMemoryFS.write (package:flutter_tools/src/web/memory_fs.dart:34:42)
#5      WebDevFS.update (package:flutter_tools/src/isolated/devfs_web.dart:1061:45)
#6      _rootRunUnary (dart:async/zone.dart:1422:47)
#7      _FutureListener.handleValue (dart:async/future_impl.dart:204:18)
#8      Future._propagateToListeners.handleValueCallback (dart:async/future_impl.dart:902:45)
#9      Future._propagateToListeners (dart:async/future_impl.dart:931:13)
#10     Future._completeWithValue (dart:async/future_impl.dart:707:5)
#11     Future._asyncCompleteWithValue.<anonymous closure> (dart:async/future_impl.dart:777:7)
#12     _rootRun (dart:async/zone.dart:1414:13)
#13     _CustomZone.run (dart:async/zone.dart:1317:19)
#14     _CustomZone.runGuarded (dart:async/zone.dart:1225:7)
#15     _CustomZone.bindCallbackGuarded.<anonymous closure> (dart:async/zone.dart:1265:23)
#16     _microtaskLoop (dart:async/schedule_microtask.dart:40:21)
#17     _startMicrotaskLoop (dart:async/schedule_microtask.dart:49:5)
#18     _runPendingImmediateCallback (dart:isolate-patch/isolate_patch.dart:118:13)
#19     _RawReceivePort._handleMessage (dart:isolate-patch/isolate_patch.dart:185:5)
```

## flutter doctor

```
[32m[✓][39m Flutter (Channel stable, 3.27.1, on Microsoft Windows [Versi¢n 10.0.19045.5247], locale es-CO)
    [32m•[39m Flutter version 3.27.1 on channel stable at C:\flutter
    [32m•[39m Upstream repository https://github.com/flutter/flutter.git
    [32m•[39m Framework revision 17025dd882 (3 weeks ago), 2024-12-17 03:23:09 +0900
    [32m•[39m Engine revision cb4b5fff73
    [32m•[39m Dart version 3.6.0
    [32m•[39m DevTools version 2.40.2

[32m[✓][39m Windows Version (Installed version of Windows is version 10 or higher)

[33m[!][39m Android toolchain - develop for Android devices (Android SDK version 34.0.0-rc4)
    [32m•[39m Android SDK at C:\Users\aldai\AppData\Local\Android\sdk
    [31m✗[39m cmdline-tools component is missing
      Run `path/to/sdkmanager --install "cmdline-tools;latest"`
      See https://developer.android.com/studio/command-line for more details.
    [31m✗[39m Android license status unknown.
      Run `flutter doctor --android-licenses` to accept the SDK licenses.
      See https://flutter.dev/to/windows-android-setup for more details.

[32m[✓][39m Chrome - develop for the web
    [32m•[39m Chrome at C:\Program Files\Google\Chrome\Application\chrome.exe

[31m[✗][39m Visual Studio - develop Windows apps
    [31m✗[39m Visual Studio not installed; this is necessary to develop Windows apps.
      Download at https://visualstudio.microsoft.com/downloads/.
      Please install the "Desktop development with C++" workload, including all of its default components

[33m[!][39m Android Studio (version 2022.2)
    [32m•[39m Android Studio at C:\Program Files\Android\Android Studio
    [32m•[39m Flutter plugin can be installed from:
      🔨 https://plugins.jetbrains.com/plugin/9212-flutter
    [32m•[39m Dart plugin can be installed from:
      🔨 https://plugins.jetbrains.com/plugin/6351-dart
    [31m✗[39m Unable to determine bundled Java version.
    [32m•[39m Try updating or re-installing Android Studio.

[32m[✓][39m VS Code (version 1.96.2)
    [32m•[39m VS Code at C:\Users\aldai\AppData\Local\Programs\Microsoft VS Code
    [32m•[39m Flutter extension version 3.102.0

[32m[✓][39m Connected device (3 available)
    [32m•[39m Windows (desktop) • windows • windows-x64    • Microsoft Windows [Versi¢n 10.0.19045.5247]
    [32m•[39m Chrome (web)      • chrome  • web-javascript • Google Chrome 131.0.6778.205
    [32m•[39m Edge (web)        • edge    • web-javascript • Microsoft Edge 131.0.2903.112

[32m[✓][39m Network resources
    [32m•[39m All expected network resources are available.

[33m![39m Doctor found issues in 3 categories.
```
